2026-08-16T23:48:45Z INF Thank you for trying Cloudflare Tunnel. Doing so, without a Cloudflare account, is a quick way to experiment and try it out. However, be aware that these account-less Tunnels have no uptime guarantee, are subject to the Cloudflare Online Services Terms of Use (https://www.cloudflare.com/website-terms/), and Cloudflare reserves the right to investigate your use of Tunnels for violations of such terms. If you intend to use Tunnels in production you should use a pre-created named tunnel by following: https://developers.cloudflare.com/cloudflare-one/connections/connect-apps
2026-08-16T23:48:45Z INF Requesting new quick Tunnel on trycloudflare.com...
2026-08-16T23:48:48Z INF +--------------------------------------------------------------------------------------------+
2026-08-16T23:48:48Z INF |  Your quick Tunnel has been created! Visit it at (it may take some time to be reachable):  |
2026-08-16T23:48:48Z INF |  https://directory-suit-solving-stick.trycloudflare.com                                    |
2026-08-16T23:48:48Z INF +--------------------------------------------------------------------------------------------+
2026-08-16T23:48:48Z INF Cannot determine default configuration path. No file [config.yml config.yaml] in [~/.cloudflared ~/.cloudflare-warp ~/cloudflare-warp /etc/cloudflared /usr/local/etc/cloudflared]
2026-08-16T23:48:48Z INF Version 2026.8.2 (Checksum fcfb02b575a52ca1af2e3267af4e1517bcdeb30ac48c834c69abaed3c0576ad2)
2026-08-16T23:48:48Z INF GOOS: linux, GOVersion: go1.26.4, GoArch: amd64
2026-08-16T23:48:48Z INF Settings: map[ha-connections:1 protocol:quic url:http://localhost:8501]
2026-08-16T23:48:48Z INF Autoupdate frequency is set autoupdateFreq=86400000
2026-08-16T23:48:49Z INF Generated Connector ID: 7c8dc704-b1ae-42f0-a6c0-b1d4dd0f576b
2026-08-16T23:48:49Z INF Initial protocol quic
2026-08-16T23:48:49Z INF ICMP proxy will use 172.28.0.12 as source for IPv4
2026-08-16T23:48:49Z INF ICMP proxy will use ::1 in zone lo as source for IPv6
2026/08/16 23:48:49 failed to sufficiently increase receive buffer size (was: 208 kiB, wanted: 7168 kiB, got: 416 kiB). See https://github.com/quic-go/quic-go/wiki/UDP-Buffer-Sizes for details.
2026-08-16T23:48:49Z INF ICMP proxy will use 172.28.0.12 as source for IPv4
2026-08-16T23:48:49Z INF ICMP proxy will use ::1 in zone lo as source for IPv6
2026-08-16T23:48:49Z INF Starting metrics server on 127.0.0.1:20241/metrics
2026-08-16T23:48:49Z INF Tunnel connection curve preferences: [X25519MLKEM768 CurveID(65074) CurveP256] connIndex=0 event=0 ip=198.41.192.67
2026-08-16T23:48:49Z INF Registered tunnel connection connIndex=0 connection=16b1d2fd-e98b-4c71-ac65-3c7f5880db84 event=0 ip=198.41.192.67 location=lax09 protocol=quic
2026-08-16T23:48:55Z INF +-------------------------------------------------------------------------------------+
2026-08-16T23:48:55Z INF |                               CONNECTIVITY PRE-CHECKS                               |
2026-08-16T23:48:55Z INF +-------------------------------------------------------------------------------------+
2026-08-16T23:48:55Z INF |  COMPONENT         TARGET                     STATUS  DETAILS                       |
2026-08-16T23:48:55Z INF |  DNS Resolution    region1.v2.argotunnel.com  PASS    DNS Resolved successfully     |
2026-08-16T23:48:55Z INF |  DNS Resolution    region2.v2.argotunnel.com  PASS    DNS Resolved successfully     |
2026-08-16T23:48:55Z INF |  UDP Connectivity  region1.v2.argotunnel.com  PASS    QUIC connection successful    |
2026-08-16T23:48:55Z INF |  UDP Connectivity  region2.v2.argotunnel.com  PASS    QUIC connection successful    |
2026-08-16T23:48:55Z INF |  TCP Connectivity  region1.v2.argotunnel.com  PASS    HTTP/2 connection successful  |
2026-08-16T23:48:55Z INF |  TCP Connectivity  region2.v2.argotunnel.com  PASS    HTTP/2 connection successful  |
2026-08-16T23:48:55Z INF |  Cloudflare API    api.cloudflare.com:443     PASS    API is reachable              |
2026-08-16T23:48:55Z INF |                                                                                     |
2026-08-16T23:48:55Z INF |  SUMMARY: Environment is healthy. cloudflared will use 'quic' as primary protocol.  |
2026-08-16T23:48:55Z INF +-------------------------------------------------------------------------------------+
2026-08-16T23:48:55Z INF precheck component="DNS Resolution" details="DNS Resolved successfully" run_id=950eca47-8f5e-4304-9f79-8294d7705874 status=pass target=region1.v2.argotunnel.com
2026-08-16T23:48:55Z INF precheck component="DNS Resolution" details="DNS Resolved successfully" run_id=950eca47-8f5e-4304-9f79-8294d7705874 status=pass target=region2.v2.argotunnel.com
2026-08-16T23:48:55Z INF precheck component="UDP Connectivity" details="QUIC connection successful" run_id=950eca47-8f5e-4304-9f79-8294d7705874 status=pass target=region1.v2.argotunnel.com
2026-08-16T23:48:55Z INF precheck component="UDP Connectivity" details="QUIC connection successful" run_id=950eca47-8f5e-4304-9f79-8294d7705874 status=pass target=region2.v2.argotunnel.com
2026-08-16T23:48:55Z INF precheck component="TCP Connectivity" details="HTTP/2 connection successful" run_id=950eca47-8f5e-4304-9f79-8294d7705874 status=pass target=region1.v2.argotunnel.com
2026-08-16T23:48:55Z INF precheck component="TCP Connectivity" details="HTTP/2 connection successful" run_id=950eca47-8f5e-4304-9f79-8294d7705874 status=pass target=region2.v2.argotunnel.com
2026-08-16T23:48:55Z INF precheck component="Cloudflare API" details="API is reachable" run_id=950eca47-8f5e-4304-9f79-8294d7705874 status=pass target=api.cloudflare.com:443
2026-08-16T23:48:55Z INF precheck complete hard_fail=false run_id=950eca47-8f5e-4304-9f79-8294d7705874 suggested_protocol=quic
